../Src/main.c:96:5:main	8	static
../Src/main.c:110:6:RTOS_idleTask	4	static
../Src/main.c:115:6:RTOS_task1Handler	8	static
../Src/main.c:126:6:RTOS_task2Handler	8	static
../Src/main.c:137:6:RTOS_task3Handler	8	static
../Src/main.c:148:6:RTOS_task4Handler	8	static
../Src/main.c:159:6:RTOS_initSystickTimer	32	static
../Src/main.c:177:29:RTOS_initSchedulerStack	0	static,ignoring_inline_asm
../Src/main.c:183:10:RTOS_getPspValue	4	static
../Src/main.c:188:6:RTOS_setPspValue	16	static
../Src/main.c:193:6:RTOS_updateNextTask	16	static
../Src/main.c:212:29:RTOS_switchToPsp	0	static,ignoring_inline_asm
../Src/main.c:225:6:RTOS_initTaskControlBlock	4	static
../Src/main.c:247:6:RTOS_initTasksStack	16	static
../Src/main.c:270:6:RTOS_schedule	16	static
../Src/main.c:276:6:RTOS_taskDelay	16	static,ignoring_inline_asm
../Src/main.c:288:6:RTOS_updateGlobalTickCount	4	static
../Src/main.c:293:6:RTOS_unblockTasks	16	static
../Src/main.c:307:6:SysTick_Handler	16	static
../Src/main.c:315:29:PendSV_Handler	0	static,ignoring_inline_asm
../Src/main.c:332:6:RTOS_enableProcessorFaults	16	static
../Src/main.c:340:6:HardFault_Handler	8	static
../Src/main.c:346:6:MemManage_Handler	8	static
../Src/main.c:352:6:BusFault_Handler	8	static
