main.c:59:5:main	8	static
main.c:76:6:RTOS_task1Handler	8	static
main.c:85:6:RTOS_task2Handler	8	static
main.c:94:6:RTOS_task3Handler	8	static
main.c:103:6:RTOS_task4Handler	8	static
main.c:112:6:RTOS_initSystickTimer	32	static
main.c:128:29:RTOS_initSchedulerStack	0	static,ignoring_inline_asm
main.c:134:10:RTOS_getPspValue	4	static
main.c:139:6:RTOS_setPspValue	16	static
main.c:144:6:RTOS_updateNextTask	4	static
main.c:151:29:RTOS_switchToPsp	0	static,ignoring_inline_asm
main.c:164:6:RTOS_initTasksStack	16	static
main.c:188:29:SysTick_Handler	0	static,ignoring_inline_asm
main.c:205:6:RTOS_enableProcessorFaults	16	static
main.c:213:6:HardFault_Handler	8	static
main.c:219:6:MemManage_Handler	8	static
main.c:225:6:BusFault_Handler	8	static
